health: 2 passed, 0 failed
1) Контракты: классы удовлетворяют Protocol
  ✅ S3Client → PhotoStorage
  ✅ YandexDiskClient → PhotoStorage
  ✅ S3Client → DatabaseProvider
  ✅ SupabaseClient → DatabaseProvider
  ✅ MySQLClient → DatabaseProvider
  ✅ SQLiteProvider → DatabaseProvider
  ✅ S3Client → BackupStorage
  ✅ YD — только фото-провайдер (не BackupStorage)
2) Единый сценарий на SQLiteProvider (catalog → product → stock → batch)
  ✅ catalog пуст
  ✅ upsert_product ok
  ✅ catalog видит товар
  ✅ upsert_stock обновил
  ✅ stock/price применились
  ✅ upsert_stock: неизвестный код → missing
  ✅ apply_batch: 2 применено, 1 failed
  ✅ push_products (полный каталог)
3) Недоступный провайдер: понятная ошибка, без исключений
  ✅ S3 без ключей: ping ok=False
  ✅ S3 без ключей: статус 503
  ✅ YD без токена: понятная ошибка
  ✅ Supabase без URL: понятная ошибка
  ✅ MySQL без host: понятная ошибка
  ✅ S3 недоступен: upsert_stock даёт ошибку, не исключение
  ✅ YD недоступен: delete_photo даёт ошибку, не исключение
  ✅ SQLiteProvider: сломанная БД → 503 без падения
4) provider_status безопасен
  ✅ исключение поймано
  ✅ текст ошибки обрезан до 200
5) Фабрика database_provider_from_cloud
  ✅ vps → S3 (каталог-JSON) без store
  ✅ vps + store → SQLiteProvider
  ✅ supabase_proxy → SupabaseClient
  ✅ supabase_direct → SupabaseClient
  ✅ mysql → MySQLClient
  ✅ пустой конфиг → vps по умолчанию

32 passed, 0 failed
1) ZPL: инъекция управляющих символов
  ✅ ровно одна метка (^XZ не размножился)
  ✅ команда ~JA обезврежена
  ✅ ^ из названия вырезан
  ✅ штрих-код на месте
2) EPL: экранирование кавычек
  ✅ кавычка экранирована
  ✅ штрих-код на месте
3) Формат цены
  ✅ целая цена без хвоста
  ✅ дробная сохраняет копейки
  ✅ None -> 0
  ✅ мусор -> 0
4) copies
  ✅ 3 копии в ZPL
  ✅ EPL P3,1
  ✅ copies=0 не ломает EPL
5) PDF-наклейки
  ✅ PDF сгенерирован
6) PDF-ценники
  ✅ ценник сгенерирован
  ✅ без QR тоже работает
  ✅ многостраничная пачка
  ✅ пустой список -> ValueError
7) Длинное название не роняет генератор
  ✅ очень длинное имя
  ✅ длинное имя в ZPL обрезано до 40

Итог: 20 passed, 0 failed
1) Сканер с Enter-суффиксом
  ✅ код принят целиком
2) Два скана подряд НЕ склеиваются (был баг)
  ✅ два разных кода
3) Скан без Enter не оставляет мусор в буфере (был баг)
  ✅ второй код чистый
4) Медленный ручной ввод не считается сканом (был баг)
  ✅ буфер не накопил всё
5) Дедупликация повторного скана
  ✅ второй раз отброшен
  ✅ после паузы принят снова
6) Сканер без Enter — отправка по паузе
  ✅ код отправлен по паузе
7) Слишком короткий код игнорируется
  ✅ шум отброшен

Итог: 8 passed, 0 failed
0) Подготовка тестового товара
  ✅ товар создан и виден в /1c/stock
1) POST /1c/stock — обновление остатка и цены
  ✅ ответ 200 + updated=1
  ✅ остаток стал 47
  ✅ цена стала 777
2) Название и прочие поля не затираются
  ✅ имя сохранилось
3) stock=0 снимает товар с продажи
  ✅ in_stock=False при нулевом остатке
4) Неизвестный код не ломает пакет
  ✅ частичный успех
  ✅ неизвестный код в not_found
5) Валидация и защита
  ✅ без токена -> 403
  ✅ пустой items -> 422
  ✅ нет ключа items -> 422
  ✅ более 5000 позиций -> 413
  ✅ нечисловые значения не роняют сервер
6) Остаток из 1С виден на складе
  ✅ склад видит обновлённый остаток
7) Существующие 1С-маршруты не сломаны
  ✅ GET /1c/catalog -> 200
  ✅ GET /1c/orders -> 200
  ✅ GET /1c/stock -> 200
8) Service worker: стратегии кэширования
  ✅ API больше не cache-first
  ✅ есть очередь офлайн-операций
  ✅ есть Background Sync
  ✅ чувствительные ответы не кэшируются
  ✅ кэш оболочки и API разделены

Очистка
  ✅ тестовый товар удалён

Итог: 23 passed, 0 failed
0) Подготовка
  ✅ тестовый товар создан
  ✅ список складов доступен
  ✅ второй склад создан
1) Миграция сохранила остатки
  ✅ новый товар попал в разбивку
2) Дубль имени склада отклоняется
  ✅ дубль -> 422
  ✅ пустое имя -> 422
3) Перемещение между складами
  ✅ перемещение прошло
  ✅ списано с источника
  ✅ приходовано на приёмник
  ✅ сумма не изменилась
  ✅ перемещение больше остатка -> 400
  ✅ перемещение в тот же склад -> 400
  ✅ нулевое количество -> 400
  ✅ несуществующий товар -> 404
4) Суммарный остаток = сумме по складам
  ✅ сумма строк равна total
  ✅ витрина видит суммарный остаток
5) Сканирование привязано к складу
  ✅ продажа со склада 2
  ✅ списалось именно со склада 2
  ✅ склад 1 не тронут
  ✅ сумма пересчитана
  ✅ приёмка на склад 1
6) Роли и доступы
  ✅ сотрудник создан
  ✅ доступ выдан только к складу 2
  ✅ сотрудник видит только свой склад
  ✅ чужой склад на запись -> 403
  ✅ перемещение с чужого склада -> 403
  ✅ создание склада сотрудником -> 403
  ✅ свой склад доступен
7) Удаление склада
  ✅ склад с остатками -> 409
  ✅ пустой склад удаляется
  ✅ единственный склад не удаляется
8) Доступ без токена
  ✅ без токена -> 403

Очистка
  ✅ тестовый товар удалён

Итог: 33 passed, 0 failed
0) Подготовка
1) Базовая выдача и фильтр по цене
  ✅ каталог отвечает
  ✅ тестовые товары в выдаче
  ✅ price_min=1000 отсекает дешёвое
  ✅ price_max=2000 отсекает дорогое
  ✅ цена-диапазон: средний внутри, дешёвый/дорогой снаружи
2) Состояние, фото, торг, продавец
  ✅ condition=used: только б/у
  ✅ condition=мусор: пусто
  ✅ has_photo: без фото не показываем
  ✅ negotiable: только с торгом
  ✅ комбинация negotiable+цена
  ✅ seller=несуществующий: пусто
  ✅ cat=несуществующая: пусто (пустая выдача без падения)
  ✅ sub=несуществующая: пусто
3) Сортировка
  ✅ sort=price_asc упорядочивает
  ✅ sort=price_desc упорядочивает
  ✅ sort=new отвечает
  ✅ sort=rating отвечает (рейтинг продавца)
  ✅ sort=мусор — просто без сортировки
4) Поиск: спецсимволы и пустой запрос
  ✅ поиск находит только тестовые
  ✅ поиск не падает на '%<>\'"&'
  ✅ поиск не падает на '%25%3C%3E'
  ✅ поиск не падает на "' OR 1=1 --"
  ✅ поиск не падает на '((('
  ✅ поиск не падает на '***'
  ✅ поиск не падает на '\\\\'
  ✅ поиск не падает на '  '
  ✅ пустой q = обычная выдача
5) Невалидные параметры и пагинация API
  ✅ price_min=abc → 422, не 500
  ✅ page=мусор → 422, не 500
  ✅ page<0 → клампится к 1
  ✅ per_page ограничен сверху
  ✅ per_page=0 — без нарезки, есть total
  ✅ per_page=2: на странице ≤2
  ✅ total совпадает с полной выдачей
  ✅ страницы 1 и 2 различаются
  ✅ page за пределами → последняя страница
6) SSR-страницы каталога
  ✅ /catalog рендерится (регрессия NameError)
  ✅ SSR фильтр цены: средний виден
  ✅ SSR фильтр цены: дешёвый скрыт
  ✅ SSR торг: дорогой скрыт
  ✅ SSR sort=price_desc
  ✅ SSR поиск со спецсимволами не падает
  ✅ несуществующая категория → 404
  ✅ все фильтры сразу — 200
7) Очистка
  ✅ архивирован Б09АУДИТ дешёвый
  ✅ архивирован Б09АУДИТ средний
  ✅ архивирован Б09АУДИТ дорогой

47 passed, 0 failed
0) Подготовка
1) Маскирование секретов в GET /api/warehouse/settings
  ✅ настройки сохранены
  ✅ GET отвечает
  ✅ yandex_disk_token маскирован
  ✅ s3_secret_key маскирован
  ✅ YD-токен не встречается в ответе
  ✅ S3 secret не встречается в ответе
  ✅ Supabase service key не встречается в ответе
1b) Allowlist: неизвестные поля отбрасываются при сохранении
  ✅ PUT с неизвестным полем прошёл
  ✅ значение неизвестного secret-поля не сохраняется и маскируется
  ✅ легитимные поля при этом сохранились
2) Сохранение с «•••» не затирает секреты
  ✅ сохранение с масками прошло
  ✅ маска на месте после перечитывания
  ✅ обычные поля сохранились
3) config-check: валидация без сети
  ✅ config-check отвечает
  ✅ конфиг полон → ok
  ✅ режим определён
  ✅ пустые обязательные → ok=False
  ✅ missing перечисляет s3_access_key и bucket
4) providers и direct/config
  ✅ providers: список режимов
  ✅ providers: выбран vps+s3
  ✅ direct/config: вне direct-режима выключен
  ✅ direct/config: нет service key
5) cloud/test: ненастроенный провайдер → понятная ошибка
  ✅ cloud/test отвечает
  ✅ S3 без endpoint: ok=False с ошибкой
  ✅ vps-база: ok=True
  ✅ в диагностике нет секретов
6) MySQL-режим в config-check
  ✅ mysql без host → missing содержит mysql_host
7) Восстановление настроек
  ✅ настройки восстановлены
  ✅ режим совпадает с исходным
  ✅ поле bucket восстановлено
  ✅ поле s3_preset восстановлено
  ✅ поле supabase_table восстановлено
  ✅ поле supabase_schema восстановлено

33 passed, 0 failed
0) Подготовка
   база под тестом: /tmp/magazin-tests-c2JAI8.db (MAGAZIN_DB)
1) Backup API: ненастроенный S3 → понятная ошибка
  ✅ endpoint отвечает
  ✅ ok=False с пояснением
2) Атомарный снимок живой базы
  ✅ файл создан
  ✅ integrity_check бэкапа ok
  ✅ количества записей всех таблиц совпадают с живой
3) verify_restore.py: валидный бэкап и подделка
  ✅ валидный бэкап → exit 0
  ✅ в отчёте «Восстановление валидно»
  ✅ подделанный бэкап → exit 1
  ✅ в отчёте есть РАСХОЖДЕНИЕ
4) restore_sqlite.py: dry-run не трогает цель
  ✅ dry-run → exit 0
  ✅ цель не изменена
5) Миграция: DDL-трансляция и dry-run
  ✅ AUTOINCREMENT → AUTO_INCREMENT PRIMARY KEY
  ✅ AUTOINCREMENT удалён
  ✅ кавычки → backticks
  ✅ TEXT PRIMARY KEY → VARCHAR(191)
  ✅ TEXT UNIQUE → VARCHAR(191)
  ✅ TEXT DEFAULT убран (strict MySQL 8)
  ✅ AUTOINCREMENT в PK → AUTO_INCREMENT
  ✅ dry-run миграции → exit 0
  ✅ в плане есть products, orders, settings, warehouses
6) Логика копирования и сверки на фейковом MySQL-таргете

Сверка источник → MySQL:
  [OK ] bonus_balances                  0 →        0
  [OK ] boosts                          0 →        0
  [OK ] campaign_publications           0 →        0
  [OK ] campaigns                       0 →        0
  [OK ] catalog_cats                    0 →        0
  [OK ] chat_messages                   0 →        0
  [OK ] comparisons                     0 →        0
  [OK ] complaints                      0 →        0
  [OK ] content_jobs                    0 →        0
  [OK ] crm_messages                    0 →        0
  [OK ] crm_tasks                       0 →        0
  [OK ] events                          0 →        0
  [OK ] geo_locations                   0 →        0
  [OK ] labels                          0 →        0
  [OK ] mobile_devices                  0 →        0
  [OK ] moderation_results              0 →        0
  [OK ] offers                          0 →        0
  [OK ] orders                          0 →        0
  [OK ] partner_referrals               0 →        0
  [OK ] payouts                         0 →        0
  [OK ] posts                           0 →        0
  [OK ] products                       11 →       11
  [OK ] promos                          0 →        0
  [OK ] reservations                    0 →        0
  [OK ] reviews                         0 →        0
  [OK ] saved_searches                  0 →        0
  [OK ] seller_reviews                  0 →        0
  [OK ] sellers                         0 →        0
  [OK ] settings                        1 →        1
  [OK ] social_posts                    0 →        0
  [OK ] store_subscriptions             0 →        0
  [OK ] subscribers                     0 →        0
  [OK ] users                           0 →        0
  [OK ] warehouses                      1 →        1
  [OK ] wh_credentials                  0 →        0
  [OK ] wh_log                         24 →       24
  [OK ] wh_push_subs                    0 →        0
  [OK ] wh_scans                        2 →        2
  [OK ] wh_sessions                     0 →        0
  [OK ] wh_stock                       11 →       11
  [OK ] wh_user_access                  1 →        1
  [OK ] wh_users                        1 →        1

Миграция завершена: количества и контрольные суммы совпадают по всем таблицам.
Исходная SQLite не изменялась (read-only). Переключение: db_mode=mysql в настройках склада.
  ✅ полная копия: сверка прошла (exit 0)
  ✅ все таблицы созданы
  ✅ товары перенесены
  ✅ заказы перенесены
  ✅ склады/остатки перенесены
  ✅ пользователи перенесены
  ✅ настройки перенесены (1 строка __settings__)

Сверка источник → MySQL:
  [OK ] products                       11 →       11
  [OK ] orders                          0 →        0
  [OK ] settings                        1 →        1

Миграция завершена: количества и контрольные суммы совпадают по всем таблицам.
Исходная SQLite не изменялась (read-only). Переключение: db_mode=mysql в настройках склада.
  ✅ копия products/orders/settings сходится

Сверка источник → MySQL:
  [РАСХОЖДЕНИЕ] products                       11 →       21
  [OK ] orders                          0 →        0
  [РАСХОЖДЕНИЕ] settings                        1 →        2

ОШИБКА: расхождение в 2 таблицах: products, settings
Откат: целевая MySQL не является рабочей базой; перезапустите с --drop-existing.
  ✅ потеря строки → расхождение обнаружено (exit 1)
7) Исходная БД не изменилась

Сверка источник → MySQL:
  [OK ] bonus_balances                  0 →        0
  [OK ] boosts                          0 →        0
  [OK ] campaign_publications           0 →        0
  [OK ] campaigns                       0 →        0
  [OK ] catalog_cats                    0 →        0
  [OK ] chat_messages                   0 →        0
  [OK ] comparisons                     0 →        0
  [OK ] complaints                      0 →        0
  [OK ] content_jobs                    0 →        0
  [OK ] crm_messages                    0 →        0
  [OK ] crm_tasks                       0 →        0
  [OK ] events                          0 →        0
  [OK ] geo_locations                   0 →        0
  [OK ] labels                          0 →        0
  [OK ] mobile_devices                  0 →        0
  [OK ] moderation_results              0 →        0
  [OK ] offers                          0 →        0
  [OK ] orders                          0 →        0
  [OK ] partner_referrals               0 →        0
  [OK ] payouts                         0 →        0
  [OK ] posts                           0 →        0
  [OK ] products                       11 →       11
  [OK ] promos                          0 →        0
  [OK ] reservations                    0 →        0
  [OK ] reviews                         0 →        0
  [OK ] saved_searches                  0 →        0
  [OK ] seller_reviews                  0 →        0
  [OK ] sellers                         0 →        0
  [OK ] settings                        1 →        1
  [OK ] social_posts                    0 →        0
  [OK ] store_subscriptions             0 →        0
  [OK ] subscribers                     0 →        0
  [OK ] users                           0 →        0
  [OK ] warehouses                      1 →        1
  [OK ] wh_credentials                  0 →        0
  [OK ] wh_log                         24 →       24
  [OK ] wh_push_subs                    0 →        0
  [OK ] wh_scans                        2 →        2
  [OK ] wh_sessions                     0 →        0
  [OK ] wh_stock                       11 →       11
  [OK ] wh_user_access                  1 →        1
  [OK ] wh_users                        1 →        1

Миграция завершена: количества и контрольные суммы совпадают по всем таблицам.
Исходная SQLite не изменялась (read-only). Переключение: db_mode=mysql в настройках склада.
  ✅ sha256 копии источника до == после миграции
  ✅ миграция копии прошла (exit 0)
  ✅ живая база: integrity_check ok

32 passed, 0 failed
0) Подготовка: админ, продавец, товары
  ✅ продавец зарегистрирован
  ✅ админ видит продавца
  ✅ админ активировал продавца
  ✅ товар продавца создан
1) Подписки на витрины и лента новинок
  ✅ подписка прошла
  ✅ subscribers=1
  ✅ повторная подписка не дублируется
  ✅ короткий user_key → 422
  ✅ лента подписок содержит витрину
  ✅ в ленте есть новинки (товар продавца)
  ✅ отписка прошла
  ✅ повторная отписка идемпотентна
  ✅ подписка на несуществующую витрину → 404
2) Бронь товара
  ✅ бронь создана
  ✅ есть срок истечения
  ✅ бронь видна покупателю с товаром
  ✅ бронь больше остатка → 422
  ✅ бронь несуществующего → 422/404
  ✅ чужой покупатель не может отменить бронь (403)
  ✅ свою бронь отменил
  ✅ отмена несуществующей брони → 404
3) Жалобы, модерация, чёрный список
  ✅ жалоба создана
  ✅ жалоба привязана к продавцу
  ✅ жалоба без текста → 422
  ✅ админ видит жалобу
  ✅ жалобы без админ-токена → 403
  ✅ до бана товар в выдаче
  ✅ жалоба решена админом
  ✅ продавец в чёрном списке (banned)
  ✅ товары забаненного исчезли из выдачи
  ✅ витрина забанного → 404
  ✅ разбан возвращает продавца
  ✅ после разбана товар снова в выдаче
4) Просмотры витрины и счётчик подписчиков
  ✅ просмотры копятся (>=3)
5) Продвижение: «поднять объявление»
  ✅ буст прошёл
  ✅ повторный буст сразу → 409
  ✅ чужой товар не поднять (не продавец)
  ✅ поднятое объявление выше в выдаче
  ✅ сортировка по цене приоритетнее буста (500₽ первый)
6) Права: seller/admin/buyer границы
  ✅ буст несуществующего товара → 404/409
  ✅ буст без ключа продавца → 403
  ✅ бан несуществующего продавца → 404
7) Очистка
  ✅ складской товар архивирован
  ✅ товар продавца удалён
  ✅ продавец деактивирован

45 passed, 0 failed
0) Подготовка: админ и сотрудник
  ✅ сотрудник создан
  ✅ сотрудник вошёл
1) Задачи: создание, назначение, статусы
  ✅ задача создана
  ✅ задача без title → 422
  ✅ назначение и статус обновлены
  ✅ задача читается с полями
  ✅ worker может переводить статус
  ✅ чужая/несуществующая задача → 404
  ✅ пустой patch → 422
2) Чат каналов: общий и групповой
  ✅ сообщение отправлено
  ✅ второй сотрудник пишет в общий канал
  ✅ оба сообщения видны обоим (общий чат)
  ✅ длинный канал обрезается, не падает
  ✅ пустое сообщение → 422
  ✅ перезапуск не нужен: данные из БД
3) Границы прав
  ✅ задачи без токена → 403
  ✅ чужой токен → 403
  ✅ неверный админ-токен → 403
4) Очистка
  ✅ тестовая задача закрыта

19 passed, 0 failed
0) Подготовка
1) Создание задачи из товара
  ✅ задача создана в очереди
  ✅ промпт из объявления доступен
2) Claim → callback → review → approve
  ✅ задача забрана провайдером
  ✅ callback с URL → review
  ✅ approve публикует задачу
  ✅ итоговый статус и результат сохранены
3) Ошибка провайдера: failed, магазин работает, retry
  ✅ callback с ошибкой → failed
  ✅ магазин продолжает работать
  ✅ retry возвращает в очередь
4) Локальный fallback-слайдшоу без ИИ
  ✅ fallback отрендерил ролик
  ✅ ролик локальный /media/videos/*.mp4
  ✅ файл ролика существует и это MP4
  ✅ задача после fallback в review с локальным роликом
  ✅ относительный путь в колбэке отклоняется (защита)
5) Отмена и границы
  ✅ задача отменена
  ✅ отменённую нельзя забрать
  ✅ создание без токена → 403
  ✅ fallback без токена → 403
  ✅ fallback несуществующей задачи → 404
6) Очистка
  ✅ тестовый товар архивирован

20 passed, 0 failed
1) Страница /download/app
  ✅ страница отвечает 200
  ✅ content-type text/html
  ✅ заголовок про приложение
  ✅ deep link shop://connect на странице
  ✅ QR-ссылка /api/app/version/qr.svg
  ✅ упомянут пакет ru.telegramshop.shop
  ✅ нет inline onclick
2) API /api/app/version
  ✅ JSON 200
  ✅ app=shop
  ✅ package_id
  ✅ version формата x.y.z
  ✅ min_supported_version
  ✅ deep_link_install
  ✅ page_url указывает на /download/app
  ✅ версия совпадает с собранным APK
  ✅ download_url ведёт на APK
  ✅ APK раздаётся по /apk/
  ✅ content-type APK
3) QR deep link
  ✅ QR отдаётся SVG
  ✅ QR — валидный SVG с данными
  ✅ QR mode=install отдаётся
4) Интеграция с сайтом
  ✅ в футере есть ссылка /download/app
  ✅ sitemap содержит /download/app
  ✅ страница складского APK жива
5) Безопасность страницы
  ✅ CSP задан
  ✅ X-Content-Type-Options
  ✅ X-Frame-Options
6) Пустой каталог не ломает страницу
  ✅ страница с ?server= отвечает 200
  ✅ адрес витрины подставлен

Итого: 29 ok, 0 fail
0) Подготовка: товар и продавец
1) Строгий CSP на публичных страницах
  ✅ /: 200
  ✅ /: CSP задан
  ✅ /: script-src 'self'
  ✅ /: без unsafe-inline в script-src
  ✅ /catalog: 200
  ✅ /catalog: CSP задан
  ✅ /catalog: script-src 'self'
  ✅ /catalog: без unsafe-inline в script-src
  ✅ /favorites: 200
  ✅ /favorites: CSP задан
  ✅ /favorites: script-src 'self'
  ✅ /favorites: без unsafe-inline в script-src
  ✅ /become-seller: 200
  ✅ /become-seller: CSP задан
  ✅ /become-seller: script-src 'self'
  ✅ /become-seller: без unsafe-inline в script-src
  ✅ /blog: 200
  ✅ /blog: CSP задан
  ✅ /blog: script-src 'self'
  ✅ /blog: без unsafe-inline в script-src
  ✅ /download/android: 200
  ✅ /download/android: CSP задан
  ✅ /download/android: script-src 'self'
  ✅ /download/android: без unsafe-inline в script-src
  ✅ /download/app: 200
  ✅ /download/app: CSP задан
  ✅ /download/app: script-src 'self'
  ✅ /download/app: без unsafe-inline в script-src
  ✅ /privacy: 200
  ✅ /privacy: CSP задан
  ✅ /privacy: script-src 'self'
  ✅ /privacy: без unsafe-inline в script-src
2) В HTML публичных страниц нет inline-скриптов и onclick
  ✅ /: нет inline <script>
  ✅ /: нет onclick=
  ✅ /catalog: нет inline <script>
  ✅ /catalog: нет onclick=
  ✅ /favorites: нет inline <script>
  ✅ /favorites: нет onclick=
  ✅ /become-seller: нет inline <script>
  ✅ /become-seller: нет onclick=
  ✅ /blog: нет inline <script>
  ✅ /blog: нет onclick=
  ✅ /download/android: нет inline <script>
  ✅ /download/android: нет onclick=
  ✅ /download/app: нет inline <script>
  ✅ /download/app: нет onclick=
  ✅ /privacy: нет inline <script>
  ✅ /privacy: нет onclick=
  ✅ /p/15: нет inline <script>
  ✅ /p/15: нет onclick=
3) Страница товара: JS-файлы и JSON-LD на месте
  ✅ подключён product-page.js
  ✅ подключён page-common.js
  ✅ data-product-id проставлен
  ✅ JSON-LD сохранён
  ✅ chat-кнопки без onclick
4) Внешние JS-файлы отдаются
  ✅ /site/js/page-common.js
  ✅ /site/js/product-page.js
  ✅ /site/js/home-page.js
  ✅ /site/js/catalog-page.js
  ✅ /site/js/favorites-page.js
  ✅ /site/js/become-seller.js
  ✅ /site/js/android-download.js
  ✅ /site/js/android-rustore.js
  ✅ /site/js/spa-bootstrap.js
  ✅ /site/js/app-download.js
5) Внутренние инструменты: только Report-Only
  ✅ /shop: 200
  ✅ /shop: enforce-CSP НЕ ставится
  ✅ /shop: Report-Only задан
  ✅ /app: 200
  ✅ /app: enforce-CSP НЕ ставится
  ✅ /app: Report-Only задан
  ✅ /warehouse/: 200
  ✅ /warehouse/: enforce-CSP НЕ ставится
  ✅ /warehouse/: Report-Only задан
  ✅ /admin/: 200
  ✅ /admin/: enforce-CSP НЕ ставится
  ✅ /admin/: Report-Only задан
  ✅ /crm/: 200
  ✅ /crm/: enforce-CSP НЕ ставится
  ✅ /crm/: Report-Only задан
6) Публичная витрина продавца — строгий CSP
  ✅ витрина 200
  ✅ витрина: CSP строгий
7) SPA-страница /shop — shell без inline-скриптов
  ✅ /shop: нет inline <script> после выноса bootstrap
  ✅ /shop: подключён spa-bootstrap.js
8) API не тронуты
  ✅ /api/catalog 200
  ✅ /health/ready 200

Итого: 86 ok, 0 fail
1) Авторизация и товар для карточки
  ✅ warehouse login
  ✅ admin login
  ✅ создание товара
2) GET /api/product/{id}
  ✅ карточка 200
  ✅ в карточке имя и цена
  ✅ purchase_price скрыта
  ✅ storage_location скрыт
  ✅ owner_name скрыт
  ✅ есть reviews/review_stats/similar
  ✅ несуществующий → 404
  ✅ мусорный id → 422
3) POST /api/mobile/register
  ✅ регистрация
  ✅ токен наружу не отдаётся
  ✅ upsert заменяет токен
  ✅ без guest_id → 422
  ✅ короткий токен → 422
  ✅ плохая платформа → 422
4) GET /api/mobile/status и DELETE
  ✅ status 200
  ✅ dry_run gated
  ✅ devices >= 1
  ✅ без токенов в статусе
  ✅ unregister
  ✅ повторный unregister идемпотентен
5) /api/app/version?platform=
  ✅ без параметра (совместимость)
  ✅ platform=android
  ✅ platform=ios → 422
6) FCM-хук смены статуса заказа (dry-run)
  ✅ создание заказа с guest_id
  ✅ регистрация устройства покупателя
  ✅ смена статуса (хук внутри)
  ✅ confirm-payment (хук внутри)

Итого: 30 ok, 0 fail
..............................................                           [100%]
46 passed in 6.26s
0) Подготовка
1) Security headers
  ✅ страница отвечает
  ✅ X-Content-Type-Options: nosniff
  ✅ X-Frame-Options: SAMEORIGIN
  ✅ Referrer-Policy задан
  ✅ Permissions-Policy задан
  ✅ X-Request-ID выдан
2) CORS preflight
  ✅ preflight отвечает allow-origin
  ✅ allow-credentials не включён (секретные куки не летят)
3) /metrics: телеметрия без секретов
  ✅ metrics отвечает 200 (токен не задан)
  ✅ счётчики на месте
  ✅ uptime и латентность присутствуют
  ✅ коды статусов — числа
  ✅ last_backup_error виден в метриках
  ✅ нет пароля admin123 в метриках
  ✅ нет заголовков/секретов в метриках
  ✅ неверный токен метрик → 403 не возникает, когда METRICS_TOKEN пуст (режим песочницы)
4) /health/ready: диск и отсутствие секретов
  ✅ ready отвечает ok
  ✅ проверки: database/config/data_dir/disk
  ✅ свободное место показано числом
  ✅ в readiness нет секретов
5) Маскирование секретов в логах (офлайн)
  ✅ маскировано: 'вход ok token=abc123def'
  ✅ маскировано: 'password=hunter2 принят'
  ✅ маскировано: 'cfg: api_key=SK-1234-5678'
  ✅ маскировано: 'secret: топ-секрет-значение'
  ✅ обычный текст не искажён
6) Неудачный backup → last_error в диагностике и /metrics
  ✅ backup без S3 → ok=False с ошибкой
  ✅ статус облака содержит last_error
  ✅ last_backup_error пробросился в /metrics
7) TTL сессий быстрого входа (офлайн)
  ✅ сессия создана
  ✅ свежая сессия проходит TTL-проверку (пользователя нет — None, но сессия жива)
  ✅ просроченная сессия отклонена
  ✅ просроченная сессия удалена из БД
  ✅ конфиг TTL читается
8) Watchdog: скрипт и юнит
  ✅ watchdog-скрипт существует и исполняемый
  ✅ синтаксис watchdog корректен
  ✅ systemd-юнит watchdog существует
9) Rate limit (флуд — финальные тесты, после них IP в карантине ~60с)
  ✅ 1С без токена даёт 403
  ✅ превышение лимита 1С → 429
  ✅ хвост флуда — все 429
  ✅ флуд login → 429

40 passed, 0 failed
env keys: 20 documented, 0 missing
ci-build-apk: артефакты 1.1.0 уже в репо — пропуск
ci-build-shop-apk: артефакты 1.0.0 уже в репо — пропуск
